
> website@0.0.0 build
> docusaurus build

[INFO] [en] Creating an optimized production build...
node.exe : [WARNING] {"message":"  ΓÜá 
Critical dependency: require function 
is used in a way in which dependencies 
cannot be statically extracted\n   
Γò¡ΓöÇ[3:24]\n 1 Γöé (function 
(factory) {\n 2 Γöé     if (typeof 
module === \"object\" && typeof 
module.exports === \"object\") {\n 3 
Γöé         var v = factory(require, 
exports);\n   ┬╖                       
  ΓöÇΓöÇΓöÇΓöÇΓöÇΓöÇΓöÇ\n 4 Γöé        
 if (v !== undefined) module.exports = 
v;\n 5 Γöé     }\n   Γò░ΓöÇΓöÇΓöÇΓöÇ\n"
,"moduleIdentifier":"C:\\Users\\pporw\\
Desktop\\fdsheet\\node_modules\\vscode-
languageserver-types\\lib\\umd\\main.js
","moduleName":"./node_modules/vscode-l
anguageserver-types/lib/umd/main.js","l
oc":"3:25-31","compilerPath":"server"}
At line:1 char:1
+ & "C:\Program Files\nodejs/node.exe" 
"C:\Users\pporw\AppData\Roaming\ ...
+ ~~~~~~~~~~~~~~~~~~~~~~~~~~~~~~~~~~~~~
~~~~~~~~~~~~~~~~~~~~~~~~~~~~~~~~
    + CategoryInfo          : NotSpeci 
   fied: ([WARNING] {"mes...Path":"se  
  rver"}:String) [], RemoteException
    + FullyQualifiedErrorId : NativeCo 
   mmandError
 

[ERROR] Error: Unable to build website 
for locale en.
    at tryToBuildLocale (C:\Users\pporw
\Desktop\fdsheet\node_modules\@docusaur
us\core\lib\commands\build\build.js:76:
15)
    at async C:\Users\pporw\Desktop\fds
heet\node_modules\@docusaurus\core\lib\
commands\build\build.js:34:9
    at async mapAsyncSequential (C:\Use
rs\pporw\Desktop\fdsheet\node_modules\@
docusaurus\utils\lib\jsUtils.js:21:24)
    at async Command.build (C:\Users\pp
orw\Desktop\fdsheet\node_modules\@docus
aurus\core\lib\commands\build\build.js:
33:5)
    at async Promise.all (index 0)
    at async runCLI (C:\Users\pporw\Des
ktop\fdsheet\node_modules\@docusaurus\c
ore\lib\commands\cli.js:56:5)
    at async file:///C:/Users/pporw/Des
ktop/fdsheet/node_modules/@docusaurus/c
ore/bin/docusaurus.mjs:44:3 {
  [cause]: Error: Docusaurus found 
broken links!
  
  Please check the pages of your site 
in the list below, and make sure you 
don't reference any path that does not 
exist.
  Note: it's possible to ignore broken 
links with the 'onBrokenLinks' 
Docusaurus configuration, and let the 
build pass.
  
  Exhaustive list of all broken links 
found:
  - Broken link on source page path = 
/fdsheet/docs/intro:
     -> linking to 
./frontend/hydration.md (resolved as: 
/fdsheet/docs/frontend/hydration.md)
     -> linking to 
./frontend/partial-hydration.md 
(resolved as: /fdsheet/docs/frontend/pa
rtial-hydration.md)
     -> linking to 
./frontend/islands-architecture.md 
(resolved as: /fdsheet/docs/frontend/is
lands-architecture.md)
  - Broken link on source page path = 
/fdsheet/:
     -> linking to 
/fdsheet/docs/frontend/hydration
     -> linking to /fdsheet/docs/fronte
nd/islands-architecture
     -> linking to /fdsheet/docs/fronte
nd/partial-hydration
  
      at throwError (C:\Users\pporw\Des
ktop\fdsheet\node_modules\@docusaurus\l
ogger\lib\logger.js:80:11)
      at reportBrokenLinks (C:\Users\pp
orw\Desktop\fdsheet\node_modules\@docus
aurus\core\lib\server\brokenLinks.js:25
0:47)
      at handleBrokenLinks (C:\Users\pp
orw\Desktop\fdsheet\node_modules\@docus
aurus\core\lib\server\brokenLinks.js:28
2:5)
      at executeBrokenLinksCheck (C:\Us
ers\pporw\Desktop\fdsheet\node_modules\
@docusaurus\core\lib\commands\build\bui
ldLocale.js:123:47)
      at C:\Users\pporw\Desktop\fdsheet
\node_modules\@docusaurus\core\lib\comm
ands\build\buildLocale.js:98:67
      at Object.async (C:\Users\pporw\D
esktop\fdsheet\node_modules\@docusaurus
\logger\lib\perfLogger.js:42:47)
      at buildLocale (C:\Users\pporw\De
sktop\fdsheet\node_modules\@docusaurus\
core\lib\commands\build\buildLocale.js:
98:31)
      at async runBuildLocaleTask (C:\U
sers\pporw\Desktop\fdsheet\node_modules
\@docusaurus\core\lib\commands\build\bu
ild.js:91:5)
      at async C:\Users\pporw\Desktop\f
dsheet\node_modules\@docusaurus\core\li
b\commands\build\build.js:72:13
      at async tryToBuildLocale (C:\Use
rs\pporw\Desktop\fdsheet\node_modules\@
docusaurus\core\lib\commands\build\buil
d.js:68:9)
}
[INFO] Docusaurus version: 3.10.0
Node version: v22.20.0
